<html>
<body>
<pre>
<h1>µVision Build Log</h1>
<h2>Tool Versions:</h2>
IDE-Version: ¦ÌVision V5.29.0.0
Copyright (C) 2019 ARM Ltd and ARM Germany GmbH. All rights reserved.
License Information: 1 2, 3, LIC=UK1CX-HZNK9-D12P5-GY4D2-W7ZGC-0SRJL
 
Tool Versions:
Toolchain:       MDK-ARM Essential  Version: 5.29.0.0
Toolchain Path:  D:\Software\MDK\ARM\ARMCC\Bin
C Compiler:      Armcc.exe V5.06 update 6 (build 750)
Assembler:       Armasm.exe V5.06 update 6 (build 750)
Linker/Locator:  ArmLink.exe V5.06 update 6 (build 750)
Library Manager: ArmAr.exe V5.06 update 6 (build 750)
Hex Converter:   FromElf.exe V5.06 update 6 (build 750)
CPU DLL:         SARMCM3.DLL V5.29.0.0
Dialog DLL:      DCM.DLL V1.17.3.0
Target DLL:      UL2CM3.DLL V1.163.0.0
Dialog DLL:      TCM.DLL V1.36.5.0
 
<h2>Project:</h2>
D:\Users\ZCB\STM32Learning\GPIO_LED\Project\RVMDK£¨uv5£©\GPIO_LED.uvprojx
Project File Date:  09/18/2020

<h2>Output:</h2>
*** Using Compiler 'V5.06 update 6 (build 750)', folder: 'D:\Software\MDK\ARM\ARMCC\Bin'
Build target 'Target 1'
compiling bsp_led.c...
..\..\User\LED\bsp_led.h(49): warning:  #1-D: last line of file ends without a newline
  void LED_GPIO_Config(void);
..\..\User\LED\bsp_led.c: 1 warning, 0 errors
compiling main.c...
..\..\User\./led/bsp_led.h(49): warning:  #1-D: last line of file ends without a newline
  void LED_GPIO_Config(void);
..\..\User\main.c(32): warning:  #1-D: last line of file ends without a newline
  }
..\..\User\main.c: 2 warnings, 0 errors
linking...
Program Size: Code=956 RO-data=320 RW-data=0 ZI-data=1024  
"..\..\Output\Template.axf" - 0 Error(s), 3 Warning(s).

<h2>Software Packages used:</h2>

Package Vendor: Keil
                http://www.keil.com/pack/Keil.STM32F1xx_DFP.2.3.0.pack
                Keil.STM32F1xx_DFP.2.3.0
                STMicroelectronics STM32F1 Series Device Support, Drivers and Examples

<h2>Collection of Component include folders:</h2>
  .\RTE\_Target_1
  D:\Software\MDK\Keil\STM32F1xx_DFP\2.3.0\Device\Include

<h2>Collection of Component Files used:</h2>
Build Time Elapsed:  00:00:00
</pre>
</body>
</html>
